// Jest Snapshot v1, https://goo.gl/fbAQLP

exports[`Dashboard snapshot test will match snapshot 1`] = `
Object {
  "asFragment": [Function],
  "baseElement": <body>
    <div>
      <div
        class="container mx-auto min-h-svh mt-8"
      >
        <div
          class="relative overflow-hidden flex items-center border border-default-200 dark:border-default-100 px-2 py-4 rounded-lg bg-gradient-to-r bg-gradient-to-r from-indigo-500 via-purple-500 to-pink-500 text-center mb-5"
          shadow="sm"
        >
          <h2
            class="font-semibold text-xl text-foreground/90 w-full text-center"
          >
            New Questions
          </h2>
        </div>
        <div
          class="w-full text-center"
        >
          <h3>
            No data
          </h3>
        </div>
        <br />
        <br />
        <br />
        <div
          class="relative overflow-hidden flex items-center border border-default-200 dark:border-default-100 px-2 py-4 rounded-lg bg-gradient-to-r bg-gradient-to-r from-indigo-500 via-purple-500 to-pink-500 text-center mb-5"
          shadow="sm"
        >
          <h2
            class="font-semibold text-xl text-foreground/90 w-full text-center"
          >
            Completed
          </h2>
        </div>
        <div
          class="w-full text-center"
        >
          <h3>
            No data
          </h3>
        </div>
        <br />
      </div>
    </div>
  </body>,
  "container": <div>
    <div
      class="container mx-auto min-h-svh mt-8"
    >
      <div
        class="relative overflow-hidden flex items-center border border-default-200 dark:border-default-100 px-2 py-4 rounded-lg bg-gradient-to-r bg-gradient-to-r from-indigo-500 via-purple-500 to-pink-500 text-center mb-5"
        shadow="sm"
      >
        <h2
          class="font-semibold text-xl text-foreground/90 w-full text-center"
        >
          New Questions
        </h2>
      </div>
      <div
        class="w-full text-center"
      >
        <h3>
          No data
        </h3>
      </div>
      <br />
      <br />
      <br />
      <div
        class="relative overflow-hidden flex items-center border border-default-200 dark:border-default-100 px-2 py-4 rounded-lg bg-gradient-to-r bg-gradient-to-r from-indigo-500 via-purple-500 to-pink-500 text-center mb-5"
        shadow="sm"
      >
        <h2
          class="font-semibold text-xl text-foreground/90 w-full text-center"
        >
          Completed
        </h2>
      </div>
      <div
        class="w-full text-center"
      >
        <h3>
          No data
        </h3>
      </div>
      <br />
    </div>
  </div>,
  "debug": [Function],
  "findAllByAltText": [Function],
  "findAllByDisplayValue": [Function],
  "findAllByLabelText": [Function],
  "findAllByPlaceholderText": [Function],
  "findAllByRole": [Function],
  "findAllByTestId": [Function],
  "findAllByText": [Function],
  "findAllByTitle": [Function],
  "findByAltText": [Function],
  "findByDisplayValue": [Function],
  "findByLabelText": [Function],
  "findByPlaceholderText": [Function],
  "findByRole": [Function],
  "findByTestId": [Function],
  "findByText": [Function],
  "findByTitle": [Function],
  "getAllByAltText": [Function],
  "getAllByDisplayValue": [Function],
  "getAllByLabelText": [Function],
  "getAllByPlaceholderText": [Function],
  "getAllByRole": [Function],
  "getAllByTestId": [Function],
  "getAllByText": [Function],
  "getAllByTitle": [Function],
  "getByAltText": [Function],
  "getByDisplayValue": [Function],
  "getByLabelText": [Function],
  "getByPlaceholderText": [Function],
  "getByRole": [Function],
  "getByTestId": [Function],
  "getByText": [Function],
  "getByTitle": [Function],
  "queryAllByAltText": [Function],
  "queryAllByDisplayValue": [Function],
  "queryAllByLabelText": [Function],
  "queryAllByPlaceholderText": [Function],
  "queryAllByRole": [Function],
  "queryAllByTestId": [Function],
  "queryAllByText": [Function],
  "queryAllByTitle": [Function],
  "queryByAltText": [Function],
  "queryByDisplayValue": [Function],
  "queryByLabelText": [Function],
  "queryByPlaceholderText": [Function],
  "queryByRole": [Function],
  "queryByTestId": [Function],
  "queryByText": [Function],
  "queryByTitle": [Function],
  "rerender": [Function],
  "unmount": [Function],
}
`;
