// Jest Snapshot v1, https://goo.gl/fbAQLP

exports[`App snapshot test will match snapshot 1`] = `
Object {
  "asFragment": [Function],
  "baseElement": <body>
    <div>
      <div
        class="flex flex-col items-center justify-center min-h-screen text-center bg-gray-100"
      >
        <h1
          class="text-6xl font-bold text-primary-600"
        >
          404
        </h1>
        <p
          class="mt-4 text-2xl text-black"
        >
          Oops! The page you're looking for doesn't exist.
        </p>
        <button
          class="px-6 py-3 mt-6 text-lg font-medium text-white bg-blue-600 rounded hover:bg-blue-700"
        >
          Back to Home
        </button>
      </div>
    </div>
  </body>,
  "container": <div>
    <div
      class="flex flex-col items-center justify-center min-h-screen text-center bg-gray-100"
    >
      <h1
        class="text-6xl font-bold text-primary-600"
      >
        404
      </h1>
      <p
        class="mt-4 text-2xl text-black"
      >
        Oops! The page you're looking for doesn't exist.
      </p>
      <button
        class="px-6 py-3 mt-6 text-lg font-medium text-white bg-blue-600 rounded hover:bg-blue-700"
      >
        Back to Home
      </button>
    </div>
  </div>,
  "debug": [Function],
  "findAllByAltText": [Function],
  "findAllByDisplayValue": [Function],
  "findAllByLabelText": [Function],
  "findAllByPlaceholderText": [Function],
  "findAllByRole": [Function],
  "findAllByTestId": [Function],
  "findAllByText": [Function],
  "findAllByTitle": [Function],
  "findByAltText": [Function],
  "findByDisplayValue": [Function],
  "findByLabelText": [Function],
  "findByPlaceholderText": [Function],
  "findByRole": [Function],
  "findByTestId": [Function],
  "findByText": [Function],
  "findByTitle": [Function],
  "getAllByAltText": [Function],
  "getAllByDisplayValue": [Function],
  "getAllByLabelText": [Function],
  "getAllByPlaceholderText": [Function],
  "getAllByRole": [Function],
  "getAllByTestId": [Function],
  "getAllByText": [Function],
  "getAllByTitle": [Function],
  "getByAltText": [Function],
  "getByDisplayValue": [Function],
  "getByLabelText": [Function],
  "getByPlaceholderText": [Function],
  "getByRole": [Function],
  "getByTestId": [Function],
  "getByText": [Function],
  "getByTitle": [Function],
  "queryAllByAltText": [Function],
  "queryAllByDisplayValue": [Function],
  "queryAllByLabelText": [Function],
  "queryAllByPlaceholderText": [Function],
  "queryAllByRole": [Function],
  "queryAllByTestId": [Function],
  "queryAllByText": [Function],
  "queryAllByTitle": [Function],
  "queryByAltText": [Function],
  "queryByDisplayValue": [Function],
  "queryByLabelText": [Function],
  "queryByPlaceholderText": [Function],
  "queryByRole": [Function],
  "queryByTestId": [Function],
  "queryByText": [Function],
  "queryByTitle": [Function],
  "rerender": [Function],
  "unmount": [Function],
}
`;
